// Jest Snapshot v1, https://goo.gl/fbAQLP

exports[`ContractDefinitionsTree renders contract definitions tree snapshop 1`] = `
<div>
  <div
    style="overflow: scroll; height: 100%;"
  >
    <div />
    <div
      class="sc-bdVaJa cRJnvr"
    >
      <h3
        class="sc-bwzfXH boJNxd"
        data-testid="contract-definitions-tree-header"
      >
        Contract Definitions
      </h3>
      <div
        class="sc-htpNat cixthU sidebar-header"
      >
        <i
          aria-label="icon: plus"
          class="anticon anticon-plus"
          data-testid="contract-definitions-tree-plus"
          style="color: white; padding-right: 0.5em; margin-top: 0.1em;"
        >
          <svg
            aria-hidden="true"
            class=""
            data-icon="plus"
            fill="currentColor"
            focusable="false"
            height="1em"
            viewBox="64 64 896 896"
            width="1em"
          >
            <path
              d="M482 152h60q8 0 8 8v704q0 8-8 8h-60q-8 0-8-8V160q0-8 8-8z"
            />
            <path
              d="M176 474h672q8 0 8 8v60q0 8-8 8H176q-8 0-8-8v-60q0-8 8-8z"
            />
          </svg>
        </i>
      </div>
    </div>
  </div>
</div>
`;
